Signing in...
Both users signed in.

ÔòÉÔòÉÔòÉ Test 1: Shared persisted yjs_state ÔòÉÔòÉÔòÉ
[A] Loaded from yjs_state: "Hello from database"
[B] Loaded from yjs_state: "Hello from database"
[B] Received sync from A
[B] Provider synced: true
[A] Inserting " - edited"...
[A] text: "Hello from database - edited"
[B] text: "Hello from database - edited"
Ô£à Test 1 PASSED

ÔòÉÔòÉÔòÉ Test 2: Legacy doc (no yjs_state) ÔòÉÔòÉÔòÉ
[A] Created empty Y.Doc (legacy mode)
[A] no-peers fired ÔÇö seeding from body
[A] Seeded: true text: "Legacy document content"
[B] Created empty Y.Doc (legacy mode)
[B] Received sync from A, text: "Legacy document content"
[B] synced: true text: "Legacy document content"
[A] Inserting " - updated"...
[A] text: "Legacy document content - updated"
[B] text: "Legacy document content - updated"
Ô£à Test 2 PASSED


Ô£à ALL TESTS PASSED
